running egg_info
writing ../../../build/robocon_bridge/robocon_bridge.egg-info/PKG-INFO
writing dependency_links to ../../../build/robocon_bridge/robocon_bridge.egg-info/dependency_links.txt
writing entry points to ../../../build/robocon_bridge/robocon_bridge.egg-info/entry_points.txt
writing requirements to ../../../build/robocon_bridge/robocon_bridge.egg-info/requires.txt
writing top-level names to ../../../build/robocon_bridge/robocon_bridge.egg-info/top_level.txt
reading manifest file '../../../build/robocon_bridge/robocon_bridge.egg-info/SOURCES.txt'
writing manifest file '../../../build/robocon_bridge/robocon_bridge.egg-info/SOURCES.txt'
running build
running build_py
running install
running install_lib
running install_data
copying launch/bringup.launch.py -> /home/ubuntu/Phone_Controller/install/robocon_bridge/share/robocon_bridge/launch
running install_egg_info
removing '/home/ubuntu/Phone_Controller/install/robocon_bridge/lib/python3.12/site-packages/robocon_bridge-0.0.1-py3.12.egg-info' (and everything under it)
Copying ../../../build/robocon_bridge/robocon_bridge.egg-info to /home/ubuntu/Phone_Controller/install/robocon_bridge/lib/python3.12/site-packages/robocon_bridge-0.0.1-py3.12.egg-info
running install_scripts
Installing cmd_vel_to_joy script to /home/ubuntu/Phone_Controller/install/robocon_bridge/lib/robocon_bridge
Installing mock_node script to /home/ubuntu/Phone_Controller/install/robocon_bridge/lib/robocon_bridge
Installing nav_node script to /home/ubuntu/Phone_Controller/install/robocon_bridge/lib/robocon_bridge
writing list of installed files to '/home/ubuntu/Phone_Controller/build/robocon_bridge/install.log'
