[1.082s] Invoking command in '/home/ubuntu/Phone_Controller/ros2_ws/src/robocon_bridge': PYTHONPATH=/home/ubuntu/Phone_Controller/build/robocon_bridge/prefix_override:/usr/lib/python3/dist-packages/colcon_core/task/python/colcon_distutils_commands:/home/ubuntu/Phone_Controller/install/robocon_bridge/lib/python3.12/site-packages:${PYTHONPATH} /usr/bin/python3 -W ignore:setup.py install is deprecated -W ignore:easy_install command is deprecated setup.py egg_info --egg-base ../../../build/robocon_bridge build --build-base /home/ubuntu/Phone_Controller/build/robocon_bridge/build install --record /home/ubuntu/Phone_Controller/build/robocon_bridge/install.log --install-scripts $base/lib/robocon_bridge --single-version-externally-managed install_data
[1.402s] running egg_info
[1.423s] writing ../../../build/robocon_bridge/robocon_bridge.egg-info/PKG-INFO
[1.423s] writing dependency_links to ../../../build/robocon_bridge/robocon_bridge.egg-info/dependency_links.txt
[1.425s] writing entry points to ../../../build/robocon_bridge/robocon_bridge.egg-info/entry_points.txt
[1.426s] writing requirements to ../../../build/robocon_bridge/robocon_bridge.egg-info/requires.txt
[1.427s] writing top-level names to ../../../build/robocon_bridge/robocon_bridge.egg-info/top_level.txt
[1.474s] reading manifest file '../../../build/robocon_bridge/robocon_bridge.egg-info/SOURCES.txt'
[1.475s] writing manifest file '../../../build/robocon_bridge/robocon_bridge.egg-info/SOURCES.txt'
[1.475s] running build
[1.475s] running build_py
[1.476s] running install
[1.485s] running install_lib
[1.507s] running install_data
[1.507s] copying launch/bringup.launch.py -> /home/ubuntu/Phone_Controller/install/robocon_bridge/share/robocon_bridge/launch
[1.507s] running install_egg_info
[1.531s] removing '/home/ubuntu/Phone_Controller/install/robocon_bridge/lib/python3.12/site-packages/robocon_bridge-0.0.1-py3.12.egg-info' (and everything under it)
[1.531s] Copying ../../../build/robocon_bridge/robocon_bridge.egg-info to /home/ubuntu/Phone_Controller/install/robocon_bridge/lib/python3.12/site-packages/robocon_bridge-0.0.1-py3.12.egg-info
[1.533s] running install_scripts
[1.688s] Installing cmd_vel_to_joy script to /home/ubuntu/Phone_Controller/install/robocon_bridge/lib/robocon_bridge
[1.688s] Installing mock_node script to /home/ubuntu/Phone_Controller/install/robocon_bridge/lib/robocon_bridge
[1.690s] Installing nav_node script to /home/ubuntu/Phone_Controller/install/robocon_bridge/lib/robocon_bridge
[1.691s] writing list of installed files to '/home/ubuntu/Phone_Controller/build/robocon_bridge/install.log'
[1.766s] Invoked command in '/home/ubuntu/Phone_Controller/ros2_ws/src/robocon_bridge' returned '0': PYTHONPATH=/home/ubuntu/Phone_Controller/build/robocon_bridge/prefix_override:/usr/lib/python3/dist-packages/colcon_core/task/python/colcon_distutils_commands:/home/ubuntu/Phone_Controller/install/robocon_bridge/lib/python3.12/site-packages:${PYTHONPATH} /usr/bin/python3 -W ignore:setup.py install is deprecated -W ignore:easy_install command is deprecated setup.py egg_info --egg-base ../../../build/robocon_bridge build --build-base /home/ubuntu/Phone_Controller/build/robocon_bridge/build install --record /home/ubuntu/Phone_Controller/build/robocon_bridge/install.log --install-scripts $base/lib/robocon_bridge --single-version-externally-managed install_data
