running egg_info
creating ../../../build/robocon_bridge/robocon_bridge.egg-info
writing ../../../build/robocon_bridge/robocon_bridge.egg-info/PKG-INFO
writing dependency_links to ../../../build/robocon_bridge/robocon_bridge.egg-info/dependency_links.txt
writing entry points to ../../../build/robocon_bridge/robocon_bridge.egg-info/entry_points.txt
writing requirements to ../../../build/robocon_bridge/robocon_bridge.egg-info/requires.txt
writing top-level names to ../../../build/robocon_bridge/robocon_bridge.egg-info/top_level.txt
writing manifest file '../../../build/robocon_bridge/robocon_bridge.egg-info/SOURCES.txt'
reading manifest file '../../../build/robocon_bridge/robocon_bridge.egg-info/SOURCES.txt'
writing manifest file '../../../build/robocon_bridge/robocon_bridge.egg-info/SOURCES.txt'
running build
running build_py
creating /home/ubuntu/Phone_Controller/build/robocon_bridge/build
creating /home/ubuntu/Phone_Controller/build/robocon_bridge/build/lib
creating /home/ubuntu/Phone_Controller/build/robocon_bridge/build/lib/robocon_bridge
copying robocon_bridge/__init__.py -> /home/ubuntu/Phone_Controller/build/robocon_bridge/build/lib/robocon_bridge
copying robocon_bridge/mock_node.py -> /home/ubuntu/Phone_Controller/build/robocon_bridge/build/lib/robocon_bridge
copying robocon_bridge/cmd_vel_to_joy.py -> /home/ubuntu/Phone_Controller/build/robocon_bridge/build/lib/robocon_bridge
copying robocon_bridge/nav_node.py -> /home/ubuntu/Phone_Controller/build/robocon_bridge/build/lib/robocon_bridge
running install
running install_lib
creating /home/ubuntu/Phone_Controller/install/robocon_bridge/lib/python3.12/site-packages/robocon_bridge
copying /home/ubuntu/Phone_Controller/build/robocon_bridge/build/lib/robocon_bridge/__init__.py -> /home/ubuntu/Phone_Controller/install/robocon_bridge/lib/python3.12/site-packages/robocon_bridge
copying /home/ubuntu/Phone_Controller/build/robocon_bridge/build/lib/robocon_bridge/mock_node.py -> /home/ubuntu/Phone_Controller/install/robocon_bridge/lib/python3.12/site-packages/robocon_bridge
copying /home/ubuntu/Phone_Controller/build/robocon_bridge/build/lib/robocon_bridge/cmd_vel_to_joy.py -> /home/ubuntu/Phone_Controller/install/robocon_bridge/lib/python3.12/site-packages/robocon_bridge
copying /home/ubuntu/Phone_Controller/build/robocon_bridge/build/lib/robocon_bridge/nav_node.py -> /home/ubuntu/Phone_Controller/install/robocon_bridge/lib/python3.12/site-packages/robocon_bridge
byte-compiling /home/ubuntu/Phone_Controller/install/robocon_bridge/lib/python3.12/site-packages/robocon_bridge/__init__.py to __init__.cpython-312.pyc
byte-compiling /home/ubuntu/Phone_Controller/install/robocon_bridge/lib/python3.12/site-packages/robocon_bridge/mock_node.py to mock_node.cpython-312.pyc
byte-compiling /home/ubuntu/Phone_Controller/install/robocon_bridge/lib/python3.12/site-packages/robocon_bridge/cmd_vel_to_joy.py to cmd_vel_to_joy.cpython-312.pyc
byte-compiling /home/ubuntu/Phone_Controller/install/robocon_bridge/lib/python3.12/site-packages/robocon_bridge/nav_node.py to nav_node.cpython-312.pyc
running install_data
creating /home/ubuntu/Phone_Controller/install/robocon_bridge/share/ament_index
creating /home/ubuntu/Phone_Controller/install/robocon_bridge/share/ament_index/resource_index
creating /home/ubuntu/Phone_Controller/install/robocon_bridge/share/ament_index/resource_index/packages
copying resource/robocon_bridge -> /home/ubuntu/Phone_Controller/install/robocon_bridge/share/ament_index/resource_index/packages
copying package.xml -> /home/ubuntu/Phone_Controller/install/robocon_bridge/share/robocon_bridge
creating /home/ubuntu/Phone_Controller/install/robocon_bridge/share/robocon_bridge/launch
copying launch/bringup.launch.py -> /home/ubuntu/Phone_Controller/install/robocon_bridge/share/robocon_bridge/launch
running install_egg_info
Copying ../../../build/robocon_bridge/robocon_bridge.egg-info to /home/ubuntu/Phone_Controller/install/robocon_bridge/lib/python3.12/site-packages/robocon_bridge-0.0.1-py3.12.egg-info
running install_scripts
Installing cmd_vel_to_joy script to /home/ubuntu/Phone_Controller/install/robocon_bridge/lib/robocon_bridge
Installing mock_node script to /home/ubuntu/Phone_Controller/install/robocon_bridge/lib/robocon_bridge
Installing nav_node script to /home/ubuntu/Phone_Controller/install/robocon_bridge/lib/robocon_bridge
writing list of installed files to '/home/ubuntu/Phone_Controller/build/robocon_bridge/install.log'
