[1.096s] Invoking command in '/home/ubuntu/Phone_Controller/ros2_ws/src/robocon_bridge': PYTHONPATH=/home/ubuntu/Phone_Controller/build/robocon_bridge/prefix_override:/usr/lib/python3/dist-packages/colcon_core/task/python/colcon_distutils_commands:/home/ubuntu/Phone_Controller/install/robocon_bridge/lib/python3.12/site-packages:${PYTHONPATH} /usr/bin/python3 -W ignore:setup.py install is deprecated -W ignore:easy_install command is deprecated setup.py egg_info --egg-base ../../../build/robocon_bridge build --build-base /home/ubuntu/Phone_Controller/build/robocon_bridge/build install --record /home/ubuntu/Phone_Controller/build/robocon_bridge/install.log --install-scripts $base/lib/robocon_bridge --single-version-externally-managed install_data
[1.417s] running egg_info
[1.418s] creating ../../../build/robocon_bridge/robocon_bridge.egg-info
[1.438s] writing ../../../build/robocon_bridge/robocon_bridge.egg-info/PKG-INFO
[1.439s] writing dependency_links to ../../../build/robocon_bridge/robocon_bridge.egg-info/dependency_links.txt
[1.439s] writing entry points to ../../../build/robocon_bridge/robocon_bridge.egg-info/entry_points.txt
[1.439s] writing requirements to ../../../build/robocon_bridge/robocon_bridge.egg-info/requires.txt
[1.439s] writing top-level names to ../../../build/robocon_bridge/robocon_bridge.egg-info/top_level.txt
[1.439s] writing manifest file '../../../build/robocon_bridge/robocon_bridge.egg-info/SOURCES.txt'
[1.482s] reading manifest file '../../../build/robocon_bridge/robocon_bridge.egg-info/SOURCES.txt'
[1.483s] writing manifest file '../../../build/robocon_bridge/robocon_bridge.egg-info/SOURCES.txt'
[1.483s] running build
[1.483s] running build_py
[1.483s] creating /home/ubuntu/Phone_Controller/build/robocon_bridge/build
[1.483s] creating /home/ubuntu/Phone_Controller/build/robocon_bridge/build/lib
[1.483s] creating /home/ubuntu/Phone_Controller/build/robocon_bridge/build/lib/robocon_bridge
[1.483s] copying robocon_bridge/__init__.py -> /home/ubuntu/Phone_Controller/build/robocon_bridge/build/lib/robocon_bridge
[1.484s] copying robocon_bridge/mock_node.py -> /home/ubuntu/Phone_Controller/build/robocon_bridge/build/lib/robocon_bridge
[1.484s] copying robocon_bridge/cmd_vel_to_joy.py -> /home/ubuntu/Phone_Controller/build/robocon_bridge/build/lib/robocon_bridge
[1.484s] copying robocon_bridge/nav_node.py -> /home/ubuntu/Phone_Controller/build/robocon_bridge/build/lib/robocon_bridge
[1.484s] running install
[1.494s] running install_lib
[1.516s] creating /home/ubuntu/Phone_Controller/install/robocon_bridge/lib/python3.12/site-packages/robocon_bridge
[1.516s] copying /home/ubuntu/Phone_Controller/build/robocon_bridge/build/lib/robocon_bridge/__init__.py -> /home/ubuntu/Phone_Controller/install/robocon_bridge/lib/python3.12/site-packages/robocon_bridge
[1.516s] copying /home/ubuntu/Phone_Controller/build/robocon_bridge/build/lib/robocon_bridge/mock_node.py -> /home/ubuntu/Phone_Controller/install/robocon_bridge/lib/python3.12/site-packages/robocon_bridge
[1.516s] copying /home/ubuntu/Phone_Controller/build/robocon_bridge/build/lib/robocon_bridge/cmd_vel_to_joy.py -> /home/ubuntu/Phone_Controller/install/robocon_bridge/lib/python3.12/site-packages/robocon_bridge
[1.516s] copying /home/ubuntu/Phone_Controller/build/robocon_bridge/build/lib/robocon_bridge/nav_node.py -> /home/ubuntu/Phone_Controller/install/robocon_bridge/lib/python3.12/site-packages/robocon_bridge
[1.517s] byte-compiling /home/ubuntu/Phone_Controller/install/robocon_bridge/lib/python3.12/site-packages/robocon_bridge/__init__.py to __init__.cpython-312.pyc
[1.518s] byte-compiling /home/ubuntu/Phone_Controller/install/robocon_bridge/lib/python3.12/site-packages/robocon_bridge/mock_node.py to mock_node.cpython-312.pyc
[1.519s] byte-compiling /home/ubuntu/Phone_Controller/install/robocon_bridge/lib/python3.12/site-packages/robocon_bridge/cmd_vel_to_joy.py to cmd_vel_to_joy.cpython-312.pyc
[1.521s] byte-compiling /home/ubuntu/Phone_Controller/install/robocon_bridge/lib/python3.12/site-packages/robocon_bridge/nav_node.py to nav_node.cpython-312.pyc
[1.522s] running install_data
[1.522s] creating /home/ubuntu/Phone_Controller/install/robocon_bridge/share/ament_index
[1.522s] creating /home/ubuntu/Phone_Controller/install/robocon_bridge/share/ament_index/resource_index
[1.522s] creating /home/ubuntu/Phone_Controller/install/robocon_bridge/share/ament_index/resource_index/packages
[1.522s] copying resource/robocon_bridge -> /home/ubuntu/Phone_Controller/install/robocon_bridge/share/ament_index/resource_index/packages
[1.522s] copying package.xml -> /home/ubuntu/Phone_Controller/install/robocon_bridge/share/robocon_bridge
[1.522s] creating /home/ubuntu/Phone_Controller/install/robocon_bridge/share/robocon_bridge/launch
[1.523s] copying launch/bringup.launch.py -> /home/ubuntu/Phone_Controller/install/robocon_bridge/share/robocon_bridge/launch
[1.523s] running install_egg_info
[1.546s] Copying ../../../build/robocon_bridge/robocon_bridge.egg-info to /home/ubuntu/Phone_Controller/install/robocon_bridge/lib/python3.12/site-packages/robocon_bridge-0.0.1-py3.12.egg-info
[1.547s] running install_scripts
[1.705s] Installing cmd_vel_to_joy script to /home/ubuntu/Phone_Controller/install/robocon_bridge/lib/robocon_bridge
[1.705s] Installing mock_node script to /home/ubuntu/Phone_Controller/install/robocon_bridge/lib/robocon_bridge
[1.705s] Installing nav_node script to /home/ubuntu/Phone_Controller/install/robocon_bridge/lib/robocon_bridge
[1.706s] writing list of installed files to '/home/ubuntu/Phone_Controller/build/robocon_bridge/install.log'
[1.785s] Invoked command in '/home/ubuntu/Phone_Controller/ros2_ws/src/robocon_bridge' returned '0': PYTHONPATH=/home/ubuntu/Phone_Controller/build/robocon_bridge/prefix_override:/usr/lib/python3/dist-packages/colcon_core/task/python/colcon_distutils_commands:/home/ubuntu/Phone_Controller/install/robocon_bridge/lib/python3.12/site-packages:${PYTHONPATH} /usr/bin/python3 -W ignore:setup.py install is deprecated -W ignore:easy_install command is deprecated setup.py egg_info --egg-base ../../../build/robocon_bridge build --build-base /home/ubuntu/Phone_Controller/build/robocon_bridge/build install --record /home/ubuntu/Phone_Controller/build/robocon_bridge/install.log --install-scripts $base/lib/robocon_bridge --single-version-externally-managed install_data
