[1.075s] Invoking command in '/home/ubuntu/Phone_Controller/ros2_ws/src/robocon_bridge': PYTHONPATH=/home/ubuntu/Phone_Controller/build/robocon_bridge/prefix_override:/usr/lib/python3/dist-packages/colcon_core/task/python/colcon_distutils_commands:/home/ubuntu/Phone_Controller/install/robocon_bridge/lib/python3.12/site-packages:${PYTHONPATH} /usr/bin/python3 -W ignore:setup.py install is deprecated -W ignore:easy_install command is deprecated setup.py egg_info --egg-base ../../../build/robocon_bridge build --build-base /home/ubuntu/Phone_Controller/build/robocon_bridge/build install --record /home/ubuntu/Phone_Controller/build/robocon_bridge/install.log --install-scripts $base/lib/robocon_bridge --single-version-externally-managed install_data
[1.456s] running egg_info
[1.477s] writing ../../../build/robocon_bridge/robocon_bridge.egg-info/PKG-INFO
[1.477s] writing dependency_links to ../../../build/robocon_bridge/robocon_bridge.egg-info/dependency_links.txt
[1.478s] writing entry points to ../../../build/robocon_bridge/robocon_bridge.egg-info/entry_points.txt
[1.480s] writing requirements to ../../../build/robocon_bridge/robocon_bridge.egg-info/requires.txt
[1.481s] writing top-level names to ../../../build/robocon_bridge/robocon_bridge.egg-info/top_level.txt
[1.528s] reading manifest file '../../../build/robocon_bridge/robocon_bridge.egg-info/SOURCES.txt'
[1.530s] writing manifest file '../../../build/robocon_bridge/robocon_bridge.egg-info/SOURCES.txt'
[1.530s] running build
[1.530s] running build_py
[1.530s] running install
[1.540s] running install_lib
[1.562s] running install_data
[1.562s] copying launch/bringup.launch.py -> /home/ubuntu/Phone_Controller/install/robocon_bridge/share/robocon_bridge/launch
[1.562s] running install_egg_info
[1.586s] removing '/home/ubuntu/Phone_Controller/install/robocon_bridge/lib/python3.12/site-packages/robocon_bridge-0.0.1-py3.12.egg-info' (and everything under it)
[1.586s] Copying ../../../build/robocon_bridge/robocon_bridge.egg-info to /home/ubuntu/Phone_Controller/install/robocon_bridge/lib/python3.12/site-packages/robocon_bridge-0.0.1-py3.12.egg-info
[1.587s] running install_scripts
[1.800s] Installing cmd_vel_to_joy script to /home/ubuntu/Phone_Controller/install/robocon_bridge/lib/robocon_bridge
[1.801s] Installing mock_node script to /home/ubuntu/Phone_Controller/install/robocon_bridge/lib/robocon_bridge
[1.802s] Installing nav_node script to /home/ubuntu/Phone_Controller/install/robocon_bridge/lib/robocon_bridge
[1.803s] writing list of installed files to '/home/ubuntu/Phone_Controller/build/robocon_bridge/install.log'
[1.884s] Invoked command in '/home/ubuntu/Phone_Controller/ros2_ws/src/robocon_bridge' returned '0': PYTHONPATH=/home/ubuntu/Phone_Controller/build/robocon_bridge/prefix_override:/usr/lib/python3/dist-packages/colcon_core/task/python/colcon_distutils_commands:/home/ubuntu/Phone_Controller/install/robocon_bridge/lib/python3.12/site-packages:${PYTHONPATH} /usr/bin/python3 -W ignore:setup.py install is deprecated -W ignore:easy_install command is deprecated setup.py egg_info --egg-base ../../../build/robocon_bridge build --build-base /home/ubuntu/Phone_Controller/build/robocon_bridge/build install --record /home/ubuntu/Phone_Controller/build/robocon_bridge/install.log --install-scripts $base/lib/robocon_bridge --single-version-externally-managed install_data
