/home/ubuntu/Phone_Controller/install/robocon_bridge/lib/python3.12/site-packages/robocon_bridge/__init__.py
/home/ubuntu/Phone_Controller/install/robocon_bridge/lib/python3.12/site-packages/robocon_bridge/mock_node.py
/home/ubuntu/Phone_Controller/install/robocon_bridge/lib/python3.12/site-packages/robocon_bridge/cmd_vel_to_joy.py
/home/ubuntu/Phone_Controller/install/robocon_bridge/lib/python3.12/site-packages/robocon_bridge/nav_node.py
/home/ubuntu/Phone_Controller/install/robocon_bridge/lib/python3.12/site-packages/robocon_bridge/__pycache__/__init__.cpython-312.pyc
/home/ubuntu/Phone_Controller/install/robocon_bridge/lib/python3.12/site-packages/robocon_bridge/__pycache__/mock_node.cpython-312.pyc
/home/ubuntu/Phone_Controller/install/robocon_bridge/lib/python3.12/site-packages/robocon_bridge/__pycache__/cmd_vel_to_joy.cpython-312.pyc
/home/ubuntu/Phone_Controller/install/robocon_bridge/lib/python3.12/site-packages/robocon_bridge/__pycache__/nav_node.cpython-312.pyc
/home/ubuntu/Phone_Controller/install/robocon_bridge/share/ament_index/resource_index/packages/robocon_bridge
/home/ubuntu/Phone_Controller/install/robocon_bridge/share/robocon_bridge/package.xml
/home/ubuntu/Phone_Controller/install/robocon_bridge/share/robocon_bridge/launch/bringup.launch.py
/home/ubuntu/Phone_Controller/install/robocon_bridge/lib/python3.12/site-packages/robocon_bridge-0.0.1-py3.12.egg-info/dependency_links.txt
/home/ubuntu/Phone_Controller/install/robocon_bridge/lib/python3.12/site-packages/robocon_bridge-0.0.1-py3.12.egg-info/entry_points.txt
/home/ubuntu/Phone_Controller/install/robocon_bridge/lib/python3.12/site-packages/robocon_bridge-0.0.1-py3.12.egg-info/SOURCES.txt
/home/ubuntu/Phone_Controller/install/robocon_bridge/lib/python3.12/site-packages/robocon_bridge-0.0.1-py3.12.egg-info/zip-safe
/home/ubuntu/Phone_Controller/install/robocon_bridge/lib/python3.12/site-packages/robocon_bridge-0.0.1-py3.12.egg-info/top_level.txt
/home/ubuntu/Phone_Controller/install/robocon_bridge/lib/python3.12/site-packages/robocon_bridge-0.0.1-py3.12.egg-info/PKG-INFO
/home/ubuntu/Phone_Controller/install/robocon_bridge/lib/python3.12/site-packages/robocon_bridge-0.0.1-py3.12.egg-info/requires.txt
/home/ubuntu/Phone_Controller/install/robocon_bridge/lib/robocon_bridge/cmd_vel_to_joy
/home/ubuntu/Phone_Controller/install/robocon_bridge/lib/robocon_bridge/mock_node
/home/ubuntu/Phone_Controller/install/robocon_bridge/lib/robocon_bridge/nav_node
